ghyll
glyph
gypsy
lymph
myrrh
pygmy
shyly
sylph
wryly
