desiccant
desiccate
desiccated
desiccation
desiccative
